github.com/cubny/lite-reader/cmd/main.go:12:						main				0.0%
github.com/cubny/lite-reader/internal/app.go:60:					Init				90.9%
github.com/cubny/lite-reader/internal/app.go:77:					ifNoError			100.0%
github.com/cubny/lite-reader/internal/app.go:84:					initDBFile			62.5%
github.com/cubny/lite-reader/internal/app.go:108:					initSQLClient			71.4%
github.com/cubny/lite-reader/internal/app.go:121:					initRepo			100.0%
github.com/cubny/lite-reader/internal/app.go:129:					initConfig			83.3%
github.com/cubny/lite-reader/internal/app.go:143:					migrate				12.5%
github.com/cubny/lite-reader/internal/app.go:160:					initServices			100.0%
github.com/cubny/lite-reader/internal/app.go:178:					initScheduler			100.0%
github.com/cubny/lite-reader/internal/app.go:189:					stopAPIServer			75.0%
github.com/cubny/lite-reader/internal/app.go:201:					initAPIServer			81.8%
github.com/cubny/lite-reader/internal/app.go:225:					Stop				100.0%
github.com/cubny/lite-reader/internal/app.go:233:					WaitTermination			0.0%
github.com/cubny/lite-reader/internal/app/auth/command.go:14:				Validate			0.0%
github.com/cubny/lite-reader/internal/app/auth/command.go:27:				Validate			0.0%
github.com/cubny/lite-reader/internal/app/auth/service.go:15:				NewService			100.0%
github.com/cubny/lite-reader/internal/app/auth/service.go:19:				Login				88.9%
github.com/cubny/lite-reader/internal/app/auth/service.go:43:				Signup				81.8%
github.com/cubny/lite-reader/internal/app/auth/service.go:67:				GetSession			100.0%
github.com/cubny/lite-reader/internal/app/auth/service.go:76:				GetAllUsers			100.0%
github.com/cubny/lite-reader/internal/app/feed/service.go:20:				NewService			100.0%
github.com/cubny/lite-reader/internal/app/feed/service.go:28:				AddFeed				100.0%
github.com/cubny/lite-reader/internal/app/feed/service.go:71:				ListFeeds			100.0%
github.com/cubny/lite-reader/internal/app/feed/service.go:75:				FetchItems			100.0%
github.com/cubny/lite-reader/internal/app/feed/service.go:104:				DeleteFeed			100.0%
github.com/cubny/lite-reader/internal/app/item/service.go:7:				NewService			100.0%
github.com/cubny/lite-reader/internal/app/item/service.go:11:				GetUnreadItems			100.0%
github.com/cubny/lite-reader/internal/app/item/service.go:15:				GetStarredItems			100.0%
github.com/cubny/lite-reader/internal/app/item/service.go:19:				GetFeedItems			100.0%
github.com/cubny/lite-reader/internal/app/item/service.go:23:				UpsertItems			100.0%
github.com/cubny/lite-reader/internal/app/item/service.go:27:				UpdateItem			100.0%
github.com/cubny/lite-reader/internal/app/item/service.go:31:				ReadFeedItems			100.0%
github.com/cubny/lite-reader/internal/app/item/service.go:35:				UnreadFeedItems			100.0%
github.com/cubny/lite-reader/internal/app/item/service.go:39:				GetStarredItemsCount		100.0%
github.com/cubny/lite-reader/internal/app/item/service.go:43:				GetUnreadItemsCount		100.0%
github.com/cubny/lite-reader/internal/app/item/service.go:47:				DeleteFeedItems			100.0%
github.com/cubny/lite-reader/internal/config/config.go:29:				New				75.0%
github.com/cubny/lite-reader/internal/infra/http/api/errors.go:28:			newJSONError			81.8%
github.com/cubny/lite-reader/internal/infra/http/api/errors.go:52:			write				100.0%
github.com/cubny/lite-reader/internal/infra/http/api/errors.go:66:			InternalError			100.0%
github.com/cubny/lite-reader/internal/infra/http/api/errors.go:71:			BadRequest			100.0%
github.com/cubny/lite-reader/internal/infra/http/api/errors.go:76:			InvalidParams			100.0%
github.com/cubny/lite-reader/internal/infra/http/api/errors.go:81:			NotFound			100.0%
github.com/cubny/lite-reader/internal/infra/http/api/feed.go:26:			addFeed				84.6%
github.com/cubny/lite-reader/internal/infra/http/api/feed.go:47:			listFeeds			0.0%
github.com/cubny/lite-reader/internal/infra/http/api/feed.go:65:			getFeedItems			78.6%
github.com/cubny/lite-reader/internal/infra/http/api/feed.go:88:			fetchFeedNewItems		88.0%
github.com/cubny/lite-reader/internal/infra/http/api/feed.go:125:			readFeedItems			100.0%
github.com/cubny/lite-reader/internal/infra/http/api/feed.go:139:			unreadFeedItems			100.0%
github.com/cubny/lite-reader/internal/infra/http/api/feed.go:153:			deleteFeed			92.3%
github.com/cubny/lite-reader/internal/infra/http/api/item.go:11:			updateItem			100.0%
github.com/cubny/lite-reader/internal/infra/http/api/item.go:25:			getStarredItems			66.7%
github.com/cubny/lite-reader/internal/infra/http/api/item.go:40:			getUnreadItems			66.7%
github.com/cubny/lite-reader/internal/infra/http/api/item.go:55:			getUnreadItemsCount		66.7%
github.com/cubny/lite-reader/internal/infra/http/api/item.go:70:			getStarredItemsCount		66.7%
github.com/cubny/lite-reader/internal/infra/http/api/login.go:13:			login				0.0%
github.com/cubny/lite-reader/internal/infra/http/api/middleware/middleware.go:29:	NewChain			0.0%
github.com/cubny/lite-reader/internal/infra/http/api/middleware/middleware.go:34:	Wrap				0.0%
github.com/cubny/lite-reader/internal/infra/http/api/middleware/middleware.go:52:	ContentTypeJSON			0.0%
github.com/cubny/lite-reader/internal/infra/http/api/middleware/middleware.go:59:	AuthMiddleware			0.0%
github.com/cubny/lite-reader/internal/infra/http/api/middleware/middleware.go:93:	extractBearerToken		0.0%
github.com/cubny/lite-reader/internal/infra/http/api/middleware/middleware.go:106:	writeUnauthorizedResponse	0.0%
github.com/cubny/lite-reader/internal/infra/http/api/model.go:24:			Validate			100.0%
github.com/cubny/lite-reader/internal/infra/http/api/model.go:44:			toListFeedResponse		0.0%
github.com/cubny/lite-reader/internal/infra/http/api/model.go:52:			toAddFeedResponse		100.0%
github.com/cubny/lite-reader/internal/infra/http/api/model.go:80:			toGetItemsResponse		100.0%
github.com/cubny/lite-reader/internal/infra/http/api/model.go:97:			toAddFeedCommand		100.0%
github.com/cubny/lite-reader/internal/infra/http/api/model.go:117:			toGetFeedItemsCommand		100.0%
github.com/cubny/lite-reader/internal/infra/http/api/model.go:134:			toUpdateItemCommand		100.0%
github.com/cubny/lite-reader/internal/infra/http/api/model.go:156:			toFetchFeedNewItemsCommand	100.0%
github.com/cubny/lite-reader/internal/infra/http/api/model.go:169:			toReadFeedItemsCommand		100.0%
github.com/cubny/lite-reader/internal/infra/http/api/model.go:182:			toUnreadFeedItemCommand		100.0%
github.com/cubny/lite-reader/internal/infra/http/api/model.go:199:			toGetItemsCountResponse		100.0%
github.com/cubny/lite-reader/internal/infra/http/api/model.go:205:			toDeleteFeedCommand		100.0%
github.com/cubny/lite-reader/internal/infra/http/api/model.go:218:			toDeleteFeedItemsCommand	66.7%
github.com/cubny/lite-reader/internal/infra/http/api/model.go:236:			Validate			0.0%
github.com/cubny/lite-reader/internal/infra/http/api/model.go:243:			toLoginCommand			0.0%
github.com/cubny/lite-reader/internal/infra/http/api/model.go:268:			Validate			100.0%
github.com/cubny/lite-reader/internal/infra/http/api/model.go:275:			toSignupCommand			100.0%
github.com/cubny/lite-reader/internal/infra/http/api/router.go:67:			New				100.0%
github.com/cubny/lite-reader/internal/infra/http/api/router.go:103:			health				0.0%
github.com/cubny/lite-reader/internal/infra/http/api/signup.go:12:			signup				78.6%
github.com/cubny/lite-reader/internal/infra/job/itemsjob.go:15:				NewItemsJob			100.0%
github.com/cubny/lite-reader/internal/infra/job/itemsjob.go:19:				Execute				100.0%
github.com/cubny/lite-reader/internal/infra/job/scheduler.go:14:			NewScheduler			0.0%
github.com/cubny/lite-reader/internal/infra/job/scheduler.go:21:			Start				0.0%
github.com/cubny/lite-reader/internal/infra/job/scheduler.go:37:			ScheduleOnce			0.0%
github.com/cubny/lite-reader/internal/infra/sqlite/auth/auth.go:26:			NewDB				0.0%
github.com/cubny/lite-reader/internal/infra/sqlite/auth/auth.go:30:			GetUserByEmail			0.0%
github.com/cubny/lite-reader/internal/infra/sqlite/auth/auth.go:39:			CreateUser			0.0%
github.com/cubny/lite-reader/internal/infra/sqlite/auth/auth.go:44:			GetAllUsers			0.0%
github.com/cubny/lite-reader/internal/infra/sqlite/auth/auth.go:68:			Login				0.0%
github.com/cubny/lite-reader/internal/infra/sqlite/auth/auth.go:85:			CreateSession			0.0%
github.com/cubny/lite-reader/internal/infra/sqlite/auth/auth.go:108:			GetSessionByToken		0.0%
github.com/cubny/lite-reader/internal/infra/sqlite/auth/auth.go:122:			generateSecureToken		0.0%
github.com/cubny/lite-reader/internal/infra/sqlite/feed/feed.go:16:			NewDB				0.0%
github.com/cubny/lite-reader/internal/infra/sqlite/feed/feed.go:20:			AddFeed				0.0%
github.com/cubny/lite-reader/internal/infra/sqlite/feed/feed.go:33:			GetFeed				0.0%
github.com/cubny/lite-reader/internal/infra/sqlite/feed/feed.go:52:			ListFeeds			0.0%
github.com/cubny/lite-reader/internal/infra/sqlite/feed/feed.go:69:			DeleteFeed			0.0%
github.com/cubny/lite-reader/internal/infra/sqlite/feed/feed.go:74:			resultToFeeds			0.0%
github.com/cubny/lite-reader/internal/infra/sqlite/feed/feed.go:86:			resultToFeed			0.0%
github.com/cubny/lite-reader/internal/infra/sqlite/item/item.go:16:			NewDB				0.0%
github.com/cubny/lite-reader/internal/infra/sqlite/item/item.go:20:			GetUnreadItems			0.0%
github.com/cubny/lite-reader/internal/infra/sqlite/item/item.go:29:			GetStarredItems			0.0%
github.com/cubny/lite-reader/internal/infra/sqlite/item/item.go:38:			GetFeedItems			0.0%
github.com/cubny/lite-reader/internal/infra/sqlite/item/item.go:47:			resultToItem			0.0%
github.com/cubny/lite-reader/internal/infra/sqlite/item/item.go:73:			resultToItems			0.0%
github.com/cubny/lite-reader/internal/infra/sqlite/item/item.go:88:			UpsertItems			0.0%
github.com/cubny/lite-reader/internal/infra/sqlite/item/item.go:98:			UpsertItem			0.0%
github.com/cubny/lite-reader/internal/infra/sqlite/item/item.go:131:			UpdateItem			0.0%
github.com/cubny/lite-reader/internal/infra/sqlite/item/item.go:139:			ReadFeedItems			0.0%
github.com/cubny/lite-reader/internal/infra/sqlite/item/item.go:147:			UnreadFeedItems			0.0%
github.com/cubny/lite-reader/internal/infra/sqlite/item/item.go:155:			GetUnreadItemsCount		0.0%
github.com/cubny/lite-reader/internal/infra/sqlite/item/item.go:173:			GetStarredItemsCount		0.0%
github.com/cubny/lite-reader/internal/infra/sqlite/item/item.go:191:			DeleteFeedItems			0.0%
github.com/cubny/lite-reader/internal/mocks/app/auth/repo_mock.go:33:			NewRepository			0.0%
github.com/cubny/lite-reader/internal/mocks/app/auth/repo_mock.go:40:			EXPECT				0.0%
github.com/cubny/lite-reader/internal/mocks/app/auth/repo_mock.go:45:			CreateSession			0.0%
github.com/cubny/lite-reader/internal/mocks/app/auth/repo_mock.go:54:			CreateSession			0.0%
github.com/cubny/lite-reader/internal/mocks/app/auth/repo_mock.go:60:			CreateUser			0.0%
github.com/cubny/lite-reader/internal/mocks/app/auth/repo_mock.go:68:			CreateUser			0.0%
github.com/cubny/lite-reader/internal/mocks/app/auth/repo_mock.go:74:			GetAllUsers			0.0%
github.com/cubny/lite-reader/internal/mocks/app/auth/repo_mock.go:83:			GetAllUsers			0.0%
github.com/cubny/lite-reader/internal/mocks/app/auth/repo_mock.go:89:			GetSessionByToken		0.0%
github.com/cubny/lite-reader/internal/mocks/app/auth/repo_mock.go:98:			GetSessionByToken		0.0%
github.com/cubny/lite-reader/internal/mocks/app/auth/repo_mock.go:104:			GetUserByEmail			0.0%
github.com/cubny/lite-reader/internal/mocks/app/auth/repo_mock.go:113:			GetUserByEmail			0.0%
github.com/cubny/lite-reader/internal/mocks/app/feed/finder_mock.go:31:			NewFinder			0.0%
github.com/cubny/lite-reader/internal/mocks/app/feed/finder_mock.go:38:			EXPECT				0.0%
github.com/cubny/lite-reader/internal/mocks/app/feed/finder_mock.go:43:			FindFeeds			0.0%
github.com/cubny/lite-reader/internal/mocks/app/feed/finder_mock.go:52:			FindFeeds			0.0%
github.com/cubny/lite-reader/internal/mocks/app/feed/parser_mock.go:32:			NewParser			0.0%
github.com/cubny/lite-reader/internal/mocks/app/feed/parser_mock.go:39:			EXPECT				0.0%
github.com/cubny/lite-reader/internal/mocks/app/feed/parser_mock.go:44:			ParseURL			0.0%
github.com/cubny/lite-reader/internal/mocks/app/feed/parser_mock.go:53:			ParseURL			0.0%
github.com/cubny/lite-reader/internal/mocks/app/feed/repo_mock.go:33:			NewRepository			0.0%
github.com/cubny/lite-reader/internal/mocks/app/feed/repo_mock.go:40:			EXPECT				0.0%
github.com/cubny/lite-reader/internal/mocks/app/feed/repo_mock.go:45:			AddFeed				0.0%
github.com/cubny/lite-reader/internal/mocks/app/feed/repo_mock.go:54:			AddFeed				0.0%
github.com/cubny/lite-reader/internal/mocks/app/feed/repo_mock.go:60:			DeleteFeed			0.0%
github.com/cubny/lite-reader/internal/mocks/app/feed/repo_mock.go:68:			DeleteFeed			0.0%
github.com/cubny/lite-reader/internal/mocks/app/feed/repo_mock.go:74:			GetFeed				0.0%
github.com/cubny/lite-reader/internal/mocks/app/feed/repo_mock.go:83:			GetFeed				0.0%
github.com/cubny/lite-reader/internal/mocks/app/feed/repo_mock.go:89:			ListFeeds			0.0%
github.com/cubny/lite-reader/internal/mocks/app/feed/repo_mock.go:98:			ListFeeds			0.0%
github.com/cubny/lite-reader/internal/mocks/app/item/repo_mock.go:33:			NewRepository			0.0%
github.com/cubny/lite-reader/internal/mocks/app/item/repo_mock.go:40:			EXPECT				0.0%
github.com/cubny/lite-reader/internal/mocks/app/item/repo_mock.go:45:			DeleteFeedItems			0.0%
github.com/cubny/lite-reader/internal/mocks/app/item/repo_mock.go:53:			DeleteFeedItems			0.0%
github.com/cubny/lite-reader/internal/mocks/app/item/repo_mock.go:59:			GetFeedItems			0.0%
github.com/cubny/lite-reader/internal/mocks/app/item/repo_mock.go:68:			GetFeedItems			0.0%
github.com/cubny/lite-reader/internal/mocks/app/item/repo_mock.go:74:			GetStarredItems			0.0%
github.com/cubny/lite-reader/internal/mocks/app/item/repo_mock.go:83:			GetStarredItems			0.0%
github.com/cubny/lite-reader/internal/mocks/app/item/repo_mock.go:89:			GetStarredItemsCount		0.0%
github.com/cubny/lite-reader/internal/mocks/app/item/repo_mock.go:98:			GetStarredItemsCount		0.0%
github.com/cubny/lite-reader/internal/mocks/app/item/repo_mock.go:104:			GetUnreadItems			0.0%
github.com/cubny/lite-reader/internal/mocks/app/item/repo_mock.go:113:			GetUnreadItems			0.0%
github.com/cubny/lite-reader/internal/mocks/app/item/repo_mock.go:119:			GetUnreadItemsCount		0.0%
github.com/cubny/lite-reader/internal/mocks/app/item/repo_mock.go:128:			GetUnreadItemsCount		0.0%
github.com/cubny/lite-reader/internal/mocks/app/item/repo_mock.go:134:			ReadFeedItems			0.0%
github.com/cubny/lite-reader/internal/mocks/app/item/repo_mock.go:142:			ReadFeedItems			0.0%
github.com/cubny/lite-reader/internal/mocks/app/item/repo_mock.go:148:			UnreadFeedItems			0.0%
github.com/cubny/lite-reader/internal/mocks/app/item/repo_mock.go:156:			UnreadFeedItems			0.0%
github.com/cubny/lite-reader/internal/mocks/app/item/repo_mock.go:162:			UpdateItem			0.0%
github.com/cubny/lite-reader/internal/mocks/app/item/repo_mock.go:170:			UpdateItem			0.0%
github.com/cubny/lite-reader/internal/mocks/app/item/repo_mock.go:176:			UpsertItems			0.0%
github.com/cubny/lite-reader/internal/mocks/app/item/repo_mock.go:184:			UpsertItems			0.0%
github.com/cubny/lite-reader/internal/mocks/infra/http/api/auth_mock.go:33:		NewAuthService			0.0%
github.com/cubny/lite-reader/internal/mocks/infra/http/api/auth_mock.go:40:		EXPECT				0.0%
github.com/cubny/lite-reader/internal/mocks/infra/http/api/auth_mock.go:45:		GetAllUsers			0.0%
github.com/cubny/lite-reader/internal/mocks/infra/http/api/auth_mock.go:54:		GetAllUsers			0.0%
github.com/cubny/lite-reader/internal/mocks/infra/http/api/auth_mock.go:60:		GetSession			0.0%
github.com/cubny/lite-reader/internal/mocks/infra/http/api/auth_mock.go:69:		GetSession			0.0%
github.com/cubny/lite-reader/internal/mocks/infra/http/api/auth_mock.go:75:		Login				0.0%
github.com/cubny/lite-reader/internal/mocks/infra/http/api/auth_mock.go:84:		Login				0.0%
github.com/cubny/lite-reader/internal/mocks/infra/http/api/auth_mock.go:90:		Signup				0.0%
github.com/cubny/lite-reader/internal/mocks/infra/http/api/auth_mock.go:98:		Signup				0.0%
github.com/cubny/lite-reader/internal/mocks/infra/http/api/feed_mock.go:34:		NewFeedService			0.0%
github.com/cubny/lite-reader/internal/mocks/infra/http/api/feed_mock.go:41:		EXPECT				0.0%
github.com/cubny/lite-reader/internal/mocks/infra/http/api/feed_mock.go:46:		AddFeed				0.0%
github.com/cubny/lite-reader/internal/mocks/infra/http/api/feed_mock.go:55:		AddFeed				0.0%
github.com/cubny/lite-reader/internal/mocks/infra/http/api/feed_mock.go:61:		DeleteFeed			0.0%
github.com/cubny/lite-reader/internal/mocks/infra/http/api/feed_mock.go:69:		DeleteFeed			0.0%
github.com/cubny/lite-reader/internal/mocks/infra/http/api/feed_mock.go:75:		FetchItems			0.0%
github.com/cubny/lite-reader/internal/mocks/infra/http/api/feed_mock.go:84:		FetchItems			0.0%
github.com/cubny/lite-reader/internal/mocks/infra/http/api/feed_mock.go:90:		ListFeeds			0.0%
github.com/cubny/lite-reader/internal/mocks/infra/http/api/feed_mock.go:99:		ListFeeds			0.0%
github.com/cubny/lite-reader/internal/mocks/infra/http/api/item_mock.go:33:		NewItemService			0.0%
github.com/cubny/lite-reader/internal/mocks/infra/http/api/item_mock.go:40:		EXPECT				0.0%
github.com/cubny/lite-reader/internal/mocks/infra/http/api/item_mock.go:45:		DeleteFeedItems			0.0%
github.com/cubny/lite-reader/internal/mocks/infra/http/api/item_mock.go:53:		DeleteFeedItems			0.0%
github.com/cubny/lite-reader/internal/mocks/infra/http/api/item_mock.go:59:		GetFeedItems			0.0%
github.com/cubny/lite-reader/internal/mocks/infra/http/api/item_mock.go:68:		GetFeedItems			0.0%
github.com/cubny/lite-reader/internal/mocks/infra/http/api/item_mock.go:74:		GetStarredItems			0.0%
github.com/cubny/lite-reader/internal/mocks/infra/http/api/item_mock.go:83:		GetStarredItems			0.0%
github.com/cubny/lite-reader/internal/mocks/infra/http/api/item_mock.go:89:		GetStarredItemsCount		0.0%
github.com/cubny/lite-reader/internal/mocks/infra/http/api/item_mock.go:98:		GetStarredItemsCount		0.0%
github.com/cubny/lite-reader/internal/mocks/infra/http/api/item_mock.go:104:		GetUnreadItems			0.0%
github.com/cubny/lite-reader/internal/mocks/infra/http/api/item_mock.go:113:		GetUnreadItems			0.0%
github.com/cubny/lite-reader/internal/mocks/infra/http/api/item_mock.go:119:		GetUnreadItemsCount		0.0%
github.com/cubny/lite-reader/internal/mocks/infra/http/api/item_mock.go:128:		GetUnreadItemsCount		0.0%
github.com/cubny/lite-reader/internal/mocks/infra/http/api/item_mock.go:134:		ReadFeedItems			0.0%
github.com/cubny/lite-reader/internal/mocks/infra/http/api/item_mock.go:142:		ReadFeedItems			0.0%
github.com/cubny/lite-reader/internal/mocks/infra/http/api/item_mock.go:148:		UnreadFeedItems			0.0%
github.com/cubny/lite-reader/internal/mocks/infra/http/api/item_mock.go:156:		UnreadFeedItems			0.0%
github.com/cubny/lite-reader/internal/mocks/infra/http/api/item_mock.go:162:		UpdateItem			0.0%
github.com/cubny/lite-reader/internal/mocks/infra/http/api/item_mock.go:170:		UpdateItem			0.0%
github.com/cubny/lite-reader/internal/mocks/infra/http/api/item_mock.go:176:		UpsertItems			0.0%
github.com/cubny/lite-reader/internal/mocks/infra/http/api/item_mock.go:184:		UpsertItems			0.0%
github.com/cubny/lite-reader/internal/mocks/infra/job/dependencies_mock.go:35:		NewFeedService			0.0%
github.com/cubny/lite-reader/internal/mocks/infra/job/dependencies_mock.go:42:		EXPECT				0.0%
github.com/cubny/lite-reader/internal/mocks/infra/job/dependencies_mock.go:47:		FetchItems			0.0%
github.com/cubny/lite-reader/internal/mocks/infra/job/dependencies_mock.go:56:		FetchItems			0.0%
github.com/cubny/lite-reader/internal/mocks/infra/job/dependencies_mock.go:62:		ListFeeds			0.0%
github.com/cubny/lite-reader/internal/mocks/infra/job/dependencies_mock.go:71:		ListFeeds			0.0%
github.com/cubny/lite-reader/internal/mocks/infra/job/dependencies_mock.go:89:		NewItemService			0.0%
github.com/cubny/lite-reader/internal/mocks/infra/job/dependencies_mock.go:96:		EXPECT				0.0%
github.com/cubny/lite-reader/internal/mocks/infra/job/dependencies_mock.go:101:		UpsertItems			0.0%
github.com/cubny/lite-reader/internal/mocks/infra/job/dependencies_mock.go:109:		UpsertItems			0.0%
github.com/cubny/lite-reader/internal/mocks/infra/job/dependencies_mock.go:127:		NewUserService			0.0%
github.com/cubny/lite-reader/internal/mocks/infra/job/dependencies_mock.go:134:		EXPECT				0.0%
github.com/cubny/lite-reader/internal/mocks/infra/job/dependencies_mock.go:139:		GetAllUsers			0.0%
github.com/cubny/lite-reader/internal/mocks/infra/job/dependencies_mock.go:148:		GetAllUsers			0.0%
total:											(statements)			36.1%
